// Jest Snapshot v1, https://goo.gl/fbAQLP

exports[`AuthHeader renders correctly 1`] = `
<Text
  style={
    Array [
      Object {
        "color": "#4E4E4E",
        "fontFamily": "Roboto",
        "fontSize": 17,
        "fontWeight": "400",
      },
      null,
    ]
  }
/>
`;
